1786973664052|200
1786973664124|200
1786973664185|200
1786973664244|200
1786973664303|200
1786973664361|200
1786973664419|200
1786973664482|200
1786973664546|200
1786973664606|200
1786973664667|200
1786973664726|200
1786973664788|200
1786973664850|200
1786973664909|200
1786973664970|200
1786973665032|200
1786973665093|200
1786973665153|200
1786973665211|200
1786973665265|200
1786973665326|200
1786973665380|200
1786973665436|200
1786973665498|200
1786973665557|200
1786973665619|200
1786973665680|200
1786973665749|200
1786973665812|200
1786973665872|200
1786973665935|200
1786973666000|200
1786973666059|200
1786973666123|200
1786973666188|200
1786973666251|200
1786973666313|200
1786973666376|200
1786973666441|200
1786973666501|200
1786973666560|200
1786973666623|200
1786973666683|200
1786973666743|200
1786973666807|200
1786973666871|200
1786973666930|200
1786973666991|200
1786973667054|200
1786973667116|200
1786973667180|200
1786973667245|200
1786973667307|200
1786973667373|200
1786973667436|200
1786973667501|200
1786973667562|200
1786973667622|200
1786973667683|200
1786973667740|200
1786973667800|200
1786973667862|200
1786973667926|200
1786973667990|200
1786973668053|200
1786973668113|200
1786973668168|200
1786973668224|200
1786973668282|200
1786973668347|200
1786973668409|200
1786973668472|200
1786973668533|200
1786973668591|200
1786973668654|200
1786973668717|200
1786973668776|200
1786973668841|200
1786973668908|200
1786973668972|200
1786973669034|200
1786973669098|200
1786973669157|200
1786973669218|200
1786973669280|200
1786973669341|200
1786973669402|200
1786973669460|200
1786973669523|200
1786973669583|200
1786973669647|200
1786973669707|200
1786973669765|200
1786973669827|200
1786973669885|200
1786973669951|200
1786973670015|200
1786973670078|200
1786973670140|200
1786973670199|200
1786973670257|200
1786973670321|200
1786973670383|200
1786973670443|200
1786973670503|200
1786973670563|200
1786973670621|200
1786973670681|200
1786973670742|200
1786973670801|200
1786973670862|200
1786973670923|200
1786973670985|200
1786973671047|200
1786973671111|200
1786973671175|200
1786973671236|200
1786973671292|200
1786973671351|200
1786973671408|200
1786973671472|200
1786973671531|200
1786973671590|200
1786973671649|200
1786973671712|200
1786973671774|200
1786973671835|200
1786973671894|200
1786973671956|200
1786973672018|200
1786973672077|200
1786973672138|ERR:ConnectionResetError
1786973672191|ERR:ConnectionResetError
1786973672242|ERR:TimeoutError
1786973673301|ERR:ConnectionResetError
1786973673357|ERR:ConnectionResetError
1786973673410|ERR:ConnectionResetError
1786973673465|ERR:ConnectionResetError
1786973673521|ERR:ConnectionResetError
1786973673577|ERR:ConnectionResetError
1786973673634|ERR:ConnectionResetError
1786973673689|ERR:ConnectionResetError
1786973673745|ERR:ConnectionResetError
1786973673799|ERR:ConnectionResetError
1786973673854|ERR:ConnectionResetError
1786973673909|ERR:ConnectionResetError
1786973673965|ERR:ConnectionResetError
1786973674021|ERR:ConnectionResetError
1786973674074|ERR:ConnectionResetError
1786973674129|ERR:ConnectionResetError
1786973674182|ERR:ConnectionResetError
1786973674235|ERR:ConnectionResetError
1786973674289|ERR:ConnectionResetError
1786973674346|ERR:ConnectionResetError
1786973674397|ERR:ConnectionResetError
1786973674449|ERR:ConnectionResetError
1786973674500|ERR:ConnectionResetError
1786973674556|ERR:ConnectionResetError
1786973674608|ERR:ConnectionResetError
1786973674662|ERR:ConnectionResetError
1786973674716|ERR:ConnectionResetError
1786973674770|ERR:ConnectionResetError
1786973674821|ERR:ConnectionResetError
1786973674876|ERR:ConnectionResetError
1786973674930|ERR:ConnectionResetError
1786973674985|ERR:ConnectionResetError
1786973675037|ERR:ConnectionResetError
1786973675090|ERR:ConnectionResetError
1786973675146|ERR:ConnectionResetError
1786973675202|ERR:ConnectionResetError
1786973675258|ERR:ConnectionResetError
1786973675313|ERR:ConnectionResetError
1786973675368|ERR:ConnectionResetError
1786973675423|ERR:ConnectionResetError
1786973675478|ERR:ConnectionResetError
1786973675533|ERR:ConnectionResetError
1786973675587|ERR:ConnectionResetError
1786973675641|ERR:ConnectionResetError
1786973675692|ERR:ConnectionResetError
1786973675749|ERR:ConnectionResetError
1786973675800|ERR:ConnectionResetError
1786973675855|ERR:ConnectionResetError
1786973675910|ERR:ConnectionResetError
1786973675966|200
1786973676119|200
1786973676181|200
1786973676239|200
1786973676296|200
1786973676352|200
1786973676410|200
1786973676464|200
1786973676521|200
1786973676580|200
1786973676636|200
1786973676691|200
1786973676747|200
1786973676803|200
1786973676857|200
1786973676917|200
1786973676978|200
1786973677039|200
1786973677097|200
1786973677156|200
1786973677212|200
1786973677270|200
1786973677325|200
1786973677380|200
1786973677437|200
1786973677497|200
1786973677561|200
1786973677619|200
1786973677681|200
1786973677745|200
1786973677806|200
1786973677864|200
1786973677924|200
1786973677982|200
1786973678046|200
1786973678108|200
1786973678171|200
1786973678232|200
1786973678294|200
1786973678354|200
1786973678418|200
1786973678479|200
1786973678539|200
1786973678598|200
1786973678654|200
1786973678715|200
1786973678777|200
1786973678839|200
1786973678900|200
1786973678958|200
1786973679016|200
1786973679074|200
1786973679130|200
1786973679185|200
1786973679241|200
1786973679303|200
1786973679367|200
1786973679428|200
1786973679490|200
1786973679550|200
1786973679612|200
1786973679670|200
1786973679731|200
1786973679790|200
1786973679851|200
1786973679913|200
1786973679972|200
1786973680034|200
1786973680096|200
1786973680158|200
1786973680218|200
1786973680280|200
1786973680343|200
1786973680405|200
1786973680464|200
1786973680520|200
1786973680578|200
1786973680639|200
1786973680694|200
1786973680750|200
1786973680807|200
1786973680865|200
1786973680923|200
1786973680984|200
1786973681044|200
1786973681105|200
1786973681166|200
1786973681226|200
1786973681286|200
1786973681346|200
1786973681408|200
1786973681472|200
1786973681532|200
1786973681595|200
1786973681652|200
1786973681716|200
1786973681779|200
1786973681839|200
1786973681898|200
1786973681956|200
1786973682013|200
1786973682076|200
1786973682141|200
1786973682201|200
1786973682262|200
1786973682324|200
1786973682385|200
1786973682447|200
1786973682508|200
1786973682565|200
1786973682624|200
1786973682685|200
1786973682761|200
1786973682833|200
1786973682896|200
1786973682954|200
1786973683015|200
1786973683074|200
1786973683134|200
1786973683191|200
1786973683254|200
1786973683314|200
1786973683373|200
1786973683435|200
1786973683493|200
1786973683556|200
1786973683613|200
1786973683673|200
1786973683734|200
1786973683795|200
1786973683853|200
1786973683915|200
1786973683977|200
1786973684039|200
1786973684100|200
1786973684165|200
1786973684226|200
1786973684288|200
1786973684350|200
1786973684411|200
1786973684468|200
1786973684528|200
1786973684587|200
1786973684647|200
1786973684707|200
1786973684767|200
1786973684827|200
1786973684887|200
1786973684946|200
1786973685009|200
1786973685069|200
1786973685130|200
1786973685193|200
1786973685248|200
1786973685301|200
1786973685360|200
1786973685422|200
1786973685481|200
1786973685540|200
1786973685601|200
1786973685660|200
1786973685721|200
1786973685784|200
1786973685846|200
1786973685907|200
1786973685972|200
1786973686034|200
1786973686093|200
1786973686154|200
1786973686212|200
1786973686273|200
1786973686336|200
1786973686396|200
1786973686455|200
1786973686518|200
1786973686581|200
1786973686641|200
1786973686701|200
1786973686761|200
1786973686823|200
1786973686881|200
1786973686939|200
1786973687002|200
1786973687065|200
1786973687124|200
1786973687186|200
1786973687249|200
1786973687316|200
1786973687375|200
1786973687437|200
1786973687499|200
1786973687558|200
1786973687616|200
1786973687678|200
1786973687741|200
1786973687802|200
1786973687864|200
1786973687925|200
1786973687987|200
1786973688050|200
1786973688108|200
1786973688172|200
1786973688234|200
1786973688292|200
1786973688355|200
1786973688416|200
1786973688476|200
1786973688535|200
1786973688592|200
1786973688650|200
1786973688710|200
1786973688772|200
1786973688834|200
1786973688895|200
1786973688955|200
1786973689016|200
1786973689076|200
1786973689135|200
1786973689195|200
1786973689255|200
1786973689316|200
1786973689375|200
1786973689438|200
1786973689503|200
1786973689565|200
1786973689626|200
1786973689683|200
1786973689742|200
1786973689803|200
1786973689865|200
1786973689922|200
1786973689986|200
1786973690048|200
1786973690109|200
1786973690172|200
1786973690231|200
1786973690295|200
1786973690359|200
1786973690419|200
1786973690483|200
1786973690546|200
1786973690609|200
1786973690672|200
1786973690736|200
1786973690799|200
1786973690868|200
1786973690932|200
1786973690994|200
1786973691056|200
1786973691120|200
1786973691182|200
1786973691243|200
1786973691305|200
1786973691367|200
1786973691431|200
1786973691494|200
1786973691556|200
1786973691617|200
1786973691676|200
1786973691745|200
1786973691809|200
1786973691870|200
1786973691933|200
1786973691993|200
1786973692053|200
1786973692115|200
1786973692177|200
1786973692239|200
1786973692299|200
1786973692357|200
1786973692420|200
1786973692481|200
1786973692543|200
1786973692603|200
1786973692662|200
1786973692727|200
1786973692787|200
1786973692844|200
1786973692906|200
1786973692970|200
1786973693062|200
1786973693128|200
1786973693189|200
1786973693246|200
1786973693304|200
1786973693358|200
1786973693417|200
1786973693477|200
1786973693537|200
1786973693596|200
1786973693653|200
1786973693711|200
1786973693770|200
1786973693829|200
1786973693890|200
1786973693951|200
1786973694011|200
1786973694072|200
1786973694132|200
1786973694187|200
1786973694241|200
1786973694299|200
1786973694357|200
1786973694413|200
1786973694471|200
1786973694532|200
1786973694591|200
1786973694650|200
1786973694707|200
1786973694764|200
1786973694820|200
1786973694877|200
1786973694937|200
1786973694995|200
1786973695052|200
1786973695110|200
1786973695168|200
1786973695230|200
1786973695290|200
1786973695350|200
1786973695411|200
1786973695471|200
1786973695536|200
1786973695597|200
1786973695658|200
1786973695717|200
1786973695776|200
1786973695831|200
1786973695889|200
1786973695968|200
1786973696072|200
1786973696138|200
1786973696202|200
1786973696258|200
1786973696315|200
1786973696377|200
1786973696439|200
1786973696503|200
1786973696565|200
1786973696628|200
1786973696690|200
1786973696752|200
1786973696816|200
1786973696877|200
1786973696933|200
1786973696991|200
1786973697049|200
1786973697109|200
1786973697170|200
1786973697227|200
1786973697285|200
1786973697349|200
1786973697408|200
1786973697468|200
1786973697525|200
1786973697585|200
1786973697646|200
1786973697706|200
1786973697768|200
1786973697824|200
1786973697886|200
1786973697948|200
1786973698007|200
1786973698065|200
1786973698126|200
1786973698187|200
1786973698246|200
1786973698308|200
1786973698367|200
1786973698428|200
1786973698486|200
1786973698545|200
1786973698608|200
1786973698671|200
1786973698729|200
1786973698791|200
1786973698855|200
1786973698915|200
1786973698979|200
1786973699040|200
1786973699097|200
1786973699157|200
1786973699219|200
1786973699280|200
1786973699343|200
1786973699404|200
1786973699466|200
1786973699526|200
1786973699587|200
1786973699646|200
1786973699709|200
1786973699765|200
1786973699824|200
1786973699884|200
1786973699946|200
1786973700006|200
1786973700067|200
1786973700126|200
1786973700188|200
1786973700249|200
1786973700310|200
1786973700367|200
1786973700430|200
1786973700489|200
1786973700547|200
1786973700606|200
1786973700667|200
1786973700726|200
1786973700787|200
1786973700846|200
1786973700908|200
1786973700969|200
1786973701030|200
1786973701092|200
1786973701151|200
1786973701213|200
1786973701274|200
1786973701335|200
1786973701396|200
1786973701457|200
1786973701519|200
1786973701580|200
1786973701640|200
1786973701700|200
1786973701763|200
1786973701821|200
1786973701881|200
1786973701940|200
1786973702000|200
1786973702063|200
1786973702125|200
1786973702184|200
1786973702246|200
1786973702303|200
1786973702365|200
1786973702427|200
1786973702488|200
1786973702547|200
1786973702612|200
1786973702672|200
1786973702727|200
1786973702786|200
1786973702846|200
1786973702902|200
1786973702964|200
1786973703021|200
1786973703082|200
1786973703142|200
1786973703204|200
1786973703265|200
1786973703325|200
1786973703389|200
1786973703450|200
1786973703507|200
1786973703568|200
1786973703627|200
1786973703684|200
1786973703747|200
1786973703806|200
1786973703868|200
1786973703930|200
1786973703991|200
1786973704050|200
1786973704111|200
1786973704171|200
1786973704234|200
1786973704295|200
1786973704354|200
1786973704414|200
1786973704475|200
1786973704532|200
1786973704594|200
1786973704656|200
1786973704715|200
1786973704771|200
1786973704834|200
1786973704892|200
1786973704955|200
1786973705017|200
1786973705082|200
1786973705142|200
1786973705201|200
1786973705262|200
1786973705321|200
1786973705383|200
1786973705442|200
1786973705504|200
1786973705565|200
1786973705626|200
1786973705685|200
1786973705746|200
1786973705803|200
1786973705865|200
1786973705925|200
1786973705984|200
1786973706043|200
1786973706103|200
1786973706165|200
1786973706223|200
1786973706285|200
1786973706347|200
1786973706408|200
1786973706468|200
1786973706531|200
1786973706593|200
1786973706653|200
1786973706715|200
1786973706777|200
1786973706837|200
1786973706899|200
1786973706962|200
1786973707022|200
1786973707086|200
1786973707146|200
1786973707208|200
1786973707269|200
1786973707329|200
1786973707382|200
1786973707437|200
1786973707494|200
1786973707552|200
1786973707612|200
1786973707675|200
1786973707731|200
1786973707792|200
1786973707850|200
1786973707908|200
1786973707967|200
1786973708025|200
1786973708083|200
1786973708143|200
1786973708207|200
1786973708266|200
1786973708327|200
1786973708389|200
1786973708450|200
1786973708512|200
1786973708573|200
1786973708636|200
1786973708692|200
1786973708753|200
1786973708811|200
1786973708869|200
1786973708929|200
1786973708990|200
1786973709049|200
1786973709117|200
1786973709178|200
1786973709236|200
1786973709296|200
1786973709357|200
1786973709418|200
1786973709476|200
1786973709538|200
1786973709597|200
1786973709656|200
1786973709713|200
1786973709774|200
1786973709835|200
1786973709893|200
1786973709952|200
1786973710011|200
1786973710070|200
1786973710129|200
1786973710191|200
1786973710251|200
1786973710313|200
1786973710375|200
1786973710437|200
1786973710494|200
1786973710554|200
1786973710611|200
1786973710674|200
1786973710733|200
1786973710793|200
1786973710852|200
1786973710909|200
1786973710964|200
1786973711024|200
1786973711087|200
1786973711142|200
1786973711199|200
1786973711257|200
1786973711318|200
1786973711380|200
1786973711440|200
1786973711503|200
1786973711561|200
1786973711620|200
1786973711678|200
1786973711736|200
1786973711796|200
1786973711859|200
1786973711918|200
1786973711979|200
1786973712038|200
1786973712099|200
1786973712161|200
1786973712221|200
1786973712293|200
1786973712353|200
1786973712412|200
1786973712474|200
1786973712537|200
1786973712597|200
1786973712654|200
1786973712712|200
1786973712771|200
1786973712831|200
1786973712892|200
1786973712955|200
1786973713016|200
1786973713077|200
1786973713141|200
1786973713203|200
1786973713266|200
1786973713323|200
1786973713384|200
1786973713448|200
1786973713508|200
1786973713563|200
1786973713620|200
1786973713678|200
1786973713732|200
1786973713792|200
1786973713852|200
1786973713910|200
1786973713970|200
1786973714032|200
1786973714093|200
1786973714155|200
1786973714218|200
1786973714279|200
1786973714339|200
1786973714399|200
1786973714458|200
1786973714519|200
1786973714581|200
1786973714642|200
1786973714704|200
1786973714765|200
1786973714826|200
1786973714887|200
1786973714945|200
1786973715005|200
1786973715066|200
1786973715127|200
1786973715186|200
1786973715247|200
1786973715306|200
1786973715362|200
1786973715419|200
1786973715479|200
1786973715537|200
1786973715598|200
1786973715658|200
1786973715715|200
1786973715772|200
1786973715830|200
1786973715890|200
1786973715948|200
1786973716008|200
1786973716066|200
1786973716127|200
1786973716187|200
1786973716246|200
1786973716305|200
1786973716367|200
1786973716427|200
1786973716488|200
1786973716548|200
1786973716604|200
1786973716667|200
1786973716726|200
1786973716786|200
1786973716848|200
1786973716908|200
1786973716967|200
1786973717026|200
1786973717087|200
1786973717148|200
1786973717208|200
1786973717269|200
1786973717328|200
1786973717385|200
1786973717440|200
1786973717502|200
1786973717560|200
1786973717617|200
1786973717677|200
1786973717740|200
1786973717797|200
1786973717853|200
1786973717916|200
1786973717976|200
1786973718039|200
1786973718100|200
1786973718160|200
1786973718221|200
1786973718280|200
1786973718339|200
1786973718394|200
1786973718452|200
1786973718507|200
1786973718568|200
1786973718627|200
1786973718688|200
1786973718747|200
1786973718804|200
1786973718865|200
1786973718922|200
1786973718983|200
1786973719044|200
1786973719104|200
1786973719161|200
1786973719221|200
1786973719281|200
1786973719341|200
1786973719401|200
1786973719462|200
1786973719520|200
1786973719577|200
1786973719637|200
1786973719697|200
1786973719757|200
1786973719817|200
1786973719880|200
1786973719940|200
1786973719998|200
1786973720059|200
1786973720118|200
1786973720175|200
1786973720236|200
1786973720294|200
1786973720355|200
1786973720414|200
1786973720476|200
1786973720537|200
1786973720597|200
1786973720655|200
1786973720713|200
1786973720773|200
1786973720831|200
1786973720889|200
1786973720948|200
1786973721010|200
1786973721067|200
1786973721129|200
1786973721188|200
1786973721249|200
1786973721312|200
1786973721371|200
1786973721432|200
1786973721494|200
1786973721554|200
1786973721615|200
1786973721677|200
1786973721740|200
1786973721801|200
1786973721861|200
1786973721923|200
1786973721984|200
1786973722042|200
1786973722104|200
1786973722166|200
1786973722224|200
1786973722282|200
1786973722341|200
1786973722400|200
1786973722462|200
1786973722523|200
1786973722585|200
1786973722646|200
1786973722704|200
1786973722767|200
1786973722823|200
1786973722881|200
1786973722943|200
1786973723002|200
1786973723062|200
1786973723122|200
1786973723181|200
1786973723242|200
1786973723302|200
1786973723362|200
1786973723423|200
1786973723482|200
1786973723542|200
1786973723602|200
1786973723662|200
1786973723723|200
1786973723784|200
1786973723842|200
1786973723903|200
1786973723964|200
1786973724026|200
1786973724086|200
1786973724148|200
1786973724209|200
1786973724269|200
1786973724332|200
1786973724395|200
1786973724456|200
1786973724518|200
1786973724576|200
1786973724637|200
1786973724695|200
1786973724755|200
1786973724812|200
1786973724869|200
1786973724927|200
1786973724990|200
1786973725048|200
1786973725109|200
1786973725172|200
1786973725231|200
1786973725293|200
1786973725355|200
1786973725416|200
1786973725483|200
1786973725545|200
1786973725603|200
1786973725663|200
1786973725723|200
1786973725786|200
1786973725844|200
1786973725906|200
1786973725963|200
1786973726021|200
1786973726079|200
1786973726139|200
1786973726198|200
1786973726257|200
1786973726316|200
1786973726372|200
1786973726430|200
1786973726489|200
1786973726549|200
1786973726610|200
1786973726670|200
1786973726732|200
1786973726790|200
1786973726852|200
1786973726911|200
1786973726968|200
1786973727029|200
1786973727091|200
1786973727150|200
1786973727213|200
1786973727275|200
1786973727338|200
1786973727398|200
1786973727455|200
1786973727512|200
1786973727573|200
1786973727633|200
1786973727689|200
1786973727751|200
1786973727812|200
1786973727871|200
1786973727932|200
1786973727988|200
1786973728046|200
1786973728107|200
1786973728163|200
1786973728223|200
1786973728284|200
1786973728348|200
1786973728408|200
1786973728467|200
1786973728524|200
1786973728583|200
1786973728643|200
1786973728705|200
1786973728765|200
1786973728827|200
1786973728884|200
1786973728942|200
1786973729003|200
1786973729064|200
1786973729120|200
1786973729181|200
1786973729242|200
1786973729302|200
1786973729363|200
1786973729421|200
1786973729480|200
1786973729539|200
1786973729601|200
1786973729660|200
1786973729719|200
1786973729778|200
1786973729838|200
1786973729898|200
1786973729960|200
1786973730022|200
1786973730084|200
1786973730142|200
1786973730200|200
1786973730263|200
1786973730324|200
1786973730383|200
1786973730444|200
1786973730506|200
1786973730568|200
1786973730629|200
1786973730688|200
1786973730788|200
1786973730863|200
1786973730924|200
1786973730985|200
1786973731040|200
1786973731099|200
1786973731160|200
1786973731220|200
1786973731284|200
1786973731352|200
1786973731407|200
1786973731464|200
1786973731521|200
1786973731580|200
1786973731641|200
1786973731699|200
1786973731757|200
1786973731817|200
1786973731873|200
1786973731933|200
1786973731995|200
1786973732057|200
1786973732115|200
1786973732172|200
1786973732228|200
1786973732288|200
1786973732348|200
1786973732407|200
1786973732463|200
1786973732518|200
1786973732576|200
1786973732635|200
1786973732695|200
1786973732754|200
1786973732813|200
1786973732874|200
1786973732934|200
1786973732992|200
1786973733050|200
1786973733113|200
1786973733169|200
1786973733229|200
1786973733286|200
1786973733341|200
1786973733397|200
1786973733457|200
1786973733519|200
1786973733580|200
1786973733640|200
1786973733705|200
1786973733765|200
1786973733824|200
1786973733885|200
1786973733947|200
1786973734007|200
1786973734066|200
1786973734127|200
1786973734188|200
1786973734247|200
1786973734306|200
1786973734366|200
1786973734426|200
1786973734482|200
1786973734542|200
1786973734601|200
1786973734660|200
1786973734720|200
1786973734780|200
1786973734836|200
1786973734897|200
1786973734955|200
1786973735017|200
1786973735077|200
1786973735136|200
1786973735196|200
1786973735256|200
1786973735314|200
1786973735376|200
1786973735437|200
1786973735497|200
1786973735554|200
1786973735610|200
1786973735668|200
1786973735727|200
1786973735787|200
1786973735844|200
1786973735903|200
1786973735965|200
1786973736027|200
1786973736088|200
1786973736149|200
1786973736210|200
1786973736271|200
1786973736330|200
1786973736392|200
1786973736452|200
1786973736511|200
1786973736570|200
1786973736626|200
1786973736688|200
1786973736753|200
1786973736815|200
1786973736874|200
1786973736935|200
1786973736994|200
1786973737054|200
1786973737114|200
1786973737176|200
1786973737236|200
1786973737293|200
1786973737351|200
1786973737408|200
1786973737462|200
1786973737517|200
1786973737578|200
1786973737636|200
1786973737694|200
1786973737755|200
1786973737815|200
1786973737877|200
1786973737938|200
1786973737995|200
1786973738054|200
1786973738114|200
1786973738175|200
1786973738235|200
1786973738296|200
1786973738356|200
1786973738416|200
1786973738472|200
1786973738529|200
1786973738587|200
1786973738648|200
1786973738708|200
1786973738764|200
1786973738822|200
1786973738882|200
1786973738944|200
1786973739005|200
1786973739064|200
1786973739126|200
1786973739187|200
1786973739246|200
1786973739302|200
1786973739357|200
1786973739415|200
1786973739475|200
1786973739538|200
1786973739596|200
1786973739654|200
1786973739710|200
1786973739768|200
1786973739827|200
1786973739883|200
1786973739943|200
1786973740004|200
1786973740063|200
1786973740147|200
1786973740207|200
1786973740267|200
1786973740327|200
1786973740386|200
1786973740447|200
1786973740508|200
1786973740568|200
1786973740628|200
1786973740686|200
1786973740744|200
1786973740804|200
1786973740865|200
1786973740922|200
1786973740980|200
1786973741036|200
1786973741095|200
1786973741155|200
1786973741217|200
1786973741276|200
1786973741338|200
1786973741400|200
1786973741461|200
1786973741521|200
1786973741582|200
1786973741637|200
1786973741698|200
1786973741755|200
1786973741813|200
1786973741871|200
1786973741930|200
1786973741988|200
1786973742047|200
1786973742103|200
1786973742162|200
1786973742223|200
1786973742283|200
1786973742344|200
1786973742404|200
1786973742463|200
1786973742519|200
1786973742577|200
1786973742637|200
1786973742697|200
1786973742759|200
1786973742817|200
1786973742876|200
1786973742932|200
1786973742992|200
1786973743050|200
1786973743111|200
1786973743172|200
1786973743228|200
1786973743288|200
1786973743349|200
1786973743405|200
1786973743463|200
1786973743520|200
1786973743578|200
1786973743637|200
1786973743699|200
1786973743760|200
1786973743816|200
1786973743877|200
1786973743939|200
1786973743997|200
1786973744058|200
1786973744117|200
1786973744179|200
1786973744237|200
1786973744294|200
1786973744353|200
1786973744411|200
1786973744469|200
1786973744524|200
1786973744578|200
1786973744637|200
1786973744699|200
1786973744758|200
1786973744818|200
1786973744878|200
1786973744939|200
1786973744998|200
1786973745058|200
1786973745121|200
1786973745183|200
1786973745244|200
1786973745304|200
1786973745367|200
1786973745426|200
1786973745484|200
1786973745544|200
1786973745602|200
1786973745658|200
1786973745718|200
1786973745776|200
1786973745832|200
1786973745893|200
1786973745954|200
1786973746011|200
1786973746073|200
1786973746131|200
1786973746191|200
1786973746252|200
1786973746311|200
1786973746370|200
1786973746427|200
1786973746487|200
1786973746545|200
1786973746606|200
1786973746666|200
1786973746726|200
1786973746786|200
1786973746842|200
1786973746900|200
1786973746958|200
1786973747020|200
1786973747078|200
1786973747140|200
1786973747199|200
1786973747258|200
1786973747318|200
1786973747378|200
1786973747439|200
1786973747498|200
1786973747557|200
1786973747618|200
1786973747678|200
1786973747739|200
1786973747799|200
1786973747857|200
1786973747914|200
1786973747972|200
1786973748033|200
1786973748093|200
1786973748154|200
1786973748215|200
1786973748276|200
1786973748337|200
1786973748398|200
1786973748456|200
1786973748514|200
1786973748570|200
1786973748627|200
1786973748685|200
1786973748745|200
1786973748803|200
1786973748863|200
1786973748919|200
1786973748976|200
1786973749036|200
1786973749094|200
1786973749156|200
1786973749216|200
1786973749279|200
1786973749340|200
1786973749399|200
1786973749458|200
1786973749511|200
1786973749567|200
1786973749627|200
1786973749688|200
1786973749748|200
1786973749808|200
1786973749864|200
1786973749925|200
1786973749985|200
1786973750046|200
1786973750106|200
1786973750168|200
1786973750226|200
1786973750287|200
1786973750350|200
1786973750410|200
1786973750467|200
1786973750526|200
1786973750586|200
1786973750641|200
1786973750702|200
1786973750763|200
1786973750822|200
1786973750884|200
1786973750944|200
1786973751004|200
1786973751064|200
1786973751120|200
1786973751183|200
1786973751240|200
1786973751300|200
1786973751360|200
1786973751417|200
1786973751479|200
1786973751539|200
1786973751599|200
1786973751655|200
1786973751715|200
1786973751774|200
1786973751834|200
1786973751895|200
1786973751956|200
1786973752017|200
1786973752076|200
1786973752138|200
1786973752197|200
1786973752254|200
1786973752316|200
1786973752374|200
1786973752436|200
1786973752494|200
1786973752549|200
1786973752608|200
1786973752667|200
1786973752725|200
1786973752785|200
1786973752843|200
1786973752903|200
1786973752960|200
1786973753020|200
1786973753077|200
1786973753133|200
1786973753187|200
1786973753246|200
1786973753303|200
1786973753362|200
1786973753420|200
1786973753480|200
1786973753538|200
1786973753598|200
1786973753659|200
1786973753718|200
1786973753778|200
1786973753837|200
1786973753899|200
1786973753956|200
1786973754018|200
1786973754077|200
1786973754137|200
1786973754197|200
1786973754257|200
1786973754317|200
1786973754375|200
1786973754436|200
1786973754495|200
1786973754553|200
1786973754611|200
1786973754670|200
1786973754727|200
1786973754787|200
1786973754846|200
1786973754906|200
1786973754963|200
1786973755025|200
1786973755087|200
1786973755148|200
1786973755207|200
1786973755268|200
1786973755327|200
1786973755386|200
1786973755446|200
1786973755506|200
1786973755564|200
1786973755622|200
1786973755682|200
1786973755745|200
1786973755802|200
1786973755860|200
1786973755918|200
1786973755976|200
1786973756034|200
1786973756095|200
1786973756156|200
1786973756217|200
1786973756278|200
1786973756335|200
1786973756396|200
1786973756457|200
1786973756517|200
1786973756575|200
1786973756633|200
1786973756692|200
1786973756748|200
1786973756808|200
1786973756868|200
1786973756926|200
1786973756984|200
1786973757042|200
1786973757103|200
1786973757162|200
1786973757224|200
1786973757282|200
1786973757344|200
1786973757404|200
1786973757464|200
1786973757522|200
1786973757582|200
1786973757641|200
1786973757703|200
1786973757762|200
1786973757821|200
1786973757883|200
1786973757944|200
1786973758005|200
1786973758062|200
1786973758123|200
1786973758181|200
1786973758237|200
1786973758296|200
1786973758357|200
1786973758417|200
1786973758478|200
1786973758540|200
1786973758600|200
1786973758659|200
1786973758716|200
1786973758775|200
1786973758836|200
1786973758893|200
1786973758953|200
1786973759012|200
1786973759069|200
1786973759128|200
1786973759186|200
1786973759244|200
1786973759302|200
1786973759363|200
1786973759419|200
1786973759479|200
1786973759537|200
1786973759592|200
1786973759653|200
1786973759710|200
1786973759772|200
1786973759833|200
1786973759895|200
1786973759952|200
1786973760013|200
1786973760072|200
1786973760133|200
1786973760195|200
1786973760255|200
1786973760309|200
1786973760370|200
1786973760430|200
1786973760490|200
1786973760553|200
1786973760614|200
1786973760674|200
1786973760733|200
1786973760790|200
1786973760848|200
1786973760909|200
1786973760969|200
1786973761029|200
1786973761087|200
1786973761146|200
1786973761204|200
1786973761263|200
1786973761323|200
1786973761384|200
1786973761441|200
1786973761497|200
1786973761554|200
1786973761615|200
1786973761676|200
1786973761737|200
1786973761797|200
1786973761857|200
1786973761918|200
1786973761978|200
1786973762038|200
1786973762098|200
1786973762153|200
1786973762210|200
1786973762267|200
1786973762324|200
1786973762386|200
1786973762444|200
1786973762503|200
1786973762559|200
1786973762618|200
1786973762678|200
1786973762739|200
1786973762795|200
1786973762857|200
1786973762920|200
1786973762978|200
1786973763039|200
1786973763099|200
1786973763156|200
1786973763217|200
1786973763278|200
1786973763338|200
1786973763393|200
1786973763453|200
1786973763511|200
1786973763570|200
1786973763629|200
1786973763686|200
1786973763744|200
1786973763803|200
1786973763861|200
1786973763922|200
1786973763984|200
1786973764045|200
