1786973268319|200
1786973268408|200
1786973268472|200
1786973268536|200
1786973268596|200
1786973268656|200
1786973268716|200
1786973268778|200
1786973268833|200
1786973268895|200
1786973268956|200
1786973269016|200
1786973269077|200
1786973269140|200
1786973269198|200
1786973269263|200
1786973269323|200
1786973269384|200
1786973269447|200
1786973269510|200
1786973269571|200
1786973269647|200
1786973269711|200
1786973269770|200
1786973269829|200
1786973269883|200
1786973269942|200
1786973269998|200
1786973270060|200
1786973270121|200
1786973270182|200
1786973270239|200
1786973270301|200
1786973270365|200
1786973270428|200
1786973270495|200
1786973270560|200
1786973270624|200
1786973270686|200
1786973270771|200
1786973270830|200
1786973270887|200
1786973270944|200
1786973271005|200
1786973271068|200
1786973271135|200
1786973271203|200
1786973271260|200
1786973271318|200
1786973271379|200
1786973271439|200
1786973271503|200
1786973271564|200
1786973271628|200
1786973271685|200
1786973271749|200
1786973271811|200
1786973271876|200
1786973271942|200
1786973272005|200
1786973272064|200
1786973272131|200
1786973272206|200
1786973272265|200
1786973272323|200
1786973272381|200
1786973272438|200
1786973272502|200
1786973272562|200
1786973272624|200
1786973272690|200
1786973272754|200
1786973272814|200
1786973272879|200
1786973272942|200
1786973273006|200
1786973273071|200
1786973273139|200
1786973273202|200
1786973273265|200
1786973273328|200
1786973273391|200
1786973273456|200
1786973273523|200
1786973273579|200
1786973273637|200
1786973273702|200
1786973273767|200
1786973273831|200
1786973273898|200
1786973273960|200
1786973274025|200
1786973274088|200
1786973274154|200
1786973274218|200
1786973274279|200
1786973274337|200
1786973274405|200
1786973274469|200
1786973274538|200
1786973274606|200
1786973274672|200
1786973274732|200
1786973274792|200
1786973274852|200
1786973274914|200
1786973274977|200
1786973275039|200
1786973275101|200
1786973275165|200
1786973275232|200
1786973275293|200
1786973275359|200
1786973275423|200
1786973275481|200
1786973275543|200
1786973275608|200
1786973275673|200
1786973275742|200
1786973275807|200
1786973275866|200
1786973275929|200
1786973275990|200
1786973276053|200
1786973276118|200
1786973276185|200
1786973276249|200
1786973276314|200
1786973276373|200
1786973276435|ERR:RemoteDisconnected
1786973276501|ERR:ConnectionResetError
1786973276554|ERR:ConnectionResetError
1786973277610|ERR:ConnectionResetError
1786973277667|ERR:ConnectionResetError
1786973277723|ERR:ConnectionResetError
1786973277777|ERR:ConnectionResetError
1786973277833|ERR:ConnectionResetError
1786973277885|ERR:ConnectionResetError
1786973277938|ERR:ConnectionResetError
1786973277990|ERR:ConnectionResetError
1786973278044|ERR:ConnectionResetError
1786973278100|ERR:ConnectionResetError
1786973278153|ERR:ConnectionResetError
1786973278209|ERR:ConnectionResetError
1786973278264|ERR:ConnectionResetError
1786973278319|ERR:ConnectionResetError
1786973278373|ERR:ConnectionResetError
1786973278428|ERR:ConnectionResetError
1786973278482|ERR:ConnectionResetError
1786973278535|ERR:ConnectionResetError
1786973278596|ERR:ConnectionResetError
1786973278650|ERR:ConnectionResetError
1786973278703|ERR:ConnectionResetError
1786973278758|ERR:ConnectionResetError
1786973278813|ERR:ConnectionResetError
1786973278865|ERR:ConnectionResetError
1786973278920|ERR:ConnectionResetError
1786973278974|ERR:ConnectionResetError
1786973279030|ERR:ConnectionResetError
1786973279083|ERR:ConnectionResetError
1786973279137|ERR:ConnectionResetError
1786973279192|ERR:ConnectionResetError
1786973279247|ERR:ConnectionResetError
1786973279303|ERR:ConnectionResetError
1786973279359|ERR:ConnectionResetError
1786973279414|ERR:ConnectionResetError
1786973279467|ERR:ConnectionResetError
1786973279521|ERR:ConnectionResetError
1786973279576|ERR:ConnectionResetError
1786973279632|ERR:ConnectionResetError
1786973279685|ERR:ConnectionResetError
1786973279741|ERR:ConnectionResetError
1786973279793|ERR:ConnectionResetError
1786973279863|ERR:ConnectionResetError
1786973279919|ERR:ConnectionResetError
1786973279974|ERR:ConnectionResetError
1786973280027|ERR:ConnectionResetError
1786973280081|ERR:ConnectionResetError
1786973280135|ERR:ConnectionResetError
1786973280187|ERR:ConnectionResetError
1786973280242|ERR:ConnectionResetError
1786973280294|ERR:ConnectionResetError
1786973280348|ERR:ConnectionResetError
1786973280400|ERR:ConnectionResetError
1786973280452|ERR:ConnectionResetError
1786973280507|ERR:ConnectionResetError
1786973280572|ERR:ConnectionResetError
1786973280628|ERR:ConnectionResetError
1786973280680|ERR:ConnectionResetError
1786973280743|200
1786973280882|200
1786973280939|200
1786973280999|200
1786973281059|200
1786973281119|200
1786973281182|200
1786973281246|200
1786973281308|200
1786973281375|200
1786973281442|200
1786973281505|200
1786973281571|200
1786973281634|200
1786973281697|200
1786973281839|200
1786973281898|200
1786973281956|200
1786973282015|200
1786973282071|200
1786973282132|200
1786973282193|200
1786973282254|200
1786973282312|200
1786973282372|200
1786973282436|200
1786973282499|200
1786973282562|200
1786973282627|200
1786973282690|200
1786973282757|200
1786973282822|200
1786973282882|200
1786973282947|200
1786973283023|200
1786973283089|200
1786973283155|200
1786973283219|200
1786973283279|200
1786973283335|200
1786973283401|200
1786973283462|200
1786973283522|200
1786973283584|200
1786973283645|200
1786973283709|200
1786973283772|200
1786973283838|200
1786973283902|200
1786973283965|200
1786973284028|200
1786973284087|200
1786973284149|200
1786973284212|200
1786973284273|200
1786973284336|200
1786973284394|200
1786973284456|200
1786973284516|200
1786973284576|200
1786973284636|200
1786973284696|200
1786973284756|200
1786973284819|200
1786973284883|200
1786973284949|200
1786973285007|200
1786973285069|200
1786973285133|200
1786973285194|200
1786973285256|200
1786973285321|200
1786973285395|200
1786973285462|200
1786973285528|200
1786973285594|200
1786973285663|200
1786973285723|200
1786973285788|200
1786973285851|200
1786973285913|200
1786973285977|200
1786973286039|200
1786973286098|200
1786973286162|200
1786973286222|200
1786973286283|200
1786973286345|200
1786973286409|200
1786973286470|200
1786973286530|200
1786973286627|200
1786973286697|200
1786973286753|200
1786973286809|200
1786973286864|200
1786973286918|200
1786973286977|200
1786973287042|200
1786973287103|200
1786973287164|200
1786973287222|200
1786973287284|200
1786973287347|200
1786973287409|200
1786973287477|200
1786973287538|200
1786973287606|200
1786973287665|200
1786973287722|200
1786973287780|200
1786973287843|200
1786973287957|200
1786973288031|200
1786973288091|200
1786973288149|200
1786973288208|200
1786973288263|200
1786973288323|200
1786973288384|200
1786973288444|200
1786973288507|200
1786973288597|200
1786973288662|200
1786973288723|200
1786973288786|200
1786973288850|200
1786973288911|200
1786973288976|200
1786973289039|200
1786973289103|200
1786973289161|200
1786973289225|200
1786973289290|200
1786973289347|200
1786973289410|200
1786973289511|200
1786973289570|200
1786973289629|200
1786973289688|200
1786973289752|200
1786973289815|200
1786973289879|200
1786973289940|200
1786973290002|200
1786973290065|200
1786973290126|200
1786973290185|200
1786973290244|200
1786973290306|200
1786973290365|200
1786973290424|200
1786973290485|200
1786973290548|200
1786973290611|200
1786973290672|200
1786973290738|200
1786973290801|200
1786973290866|200
1786973290931|200
1786973290995|200
1786973291059|200
1786973291124|200
1786973291185|200
1786973291245|200
1786973291304|200
1786973291365|200
1786973291432|200
1786973291495|200
1786973291557|200
1786973291615|200
1786973291679|200
1786973291735|200
1786973291793|200
1786973291850|200
1786973291906|200
1786973291967|200
1786973292027|200
1786973292088|200
1786973292147|200
1786973292206|200
1786973292264|200
1786973292326|200
1786973292384|200
1786973292441|200
1786973292499|200
1786973292562|200
1786973292625|200
1786973292682|200
1786973292745|200
1786973292810|200
1786973292873|200
1786973292936|200
1786973292993|200
1786973293048|200
1786973293109|200
1786973293172|200
1786973293233|200
1786973293292|200
1786973293356|200
1786973293420|200
1786973293481|200
1786973293543|200
1786973293607|200
1786973293667|200
1786973293727|200
1786973293788|200
1786973293848|200
1786973293910|200
1786973293968|200
1786973294027|200
1786973294086|200
1786973294149|200
1786973294206|200
1786973294264|200
1786973294323|200
1786973294380|200
1786973294439|200
1786973294500|200
1786973294561|200
1786973294623|200
1786973294683|200
1786973294746|200
1786973294810|200
1786973294868|200
1786973294927|200
1786973294988|200
1786973295047|200
1786973295109|200
1786973295166|200
1786973295227|200
1786973295287|200
1786973295350|200
1786973295415|200
1786973295474|200
1786973295537|200
1786973295600|200
1786973295660|200
1786973295723|200
1786973295780|200
1786973295840|200
1786973295900|200
1786973295961|200
1786973296023|200
1786973296086|200
1786973296148|200
1786973296207|200
1786973296270|200
1786973296330|200
1786973296388|200
1786973296452|200
1786973296515|200
1786973296579|200
1786973296643|200
1786973296704|200
1786973296765|200
1786973296828|200
1786973296892|200
1786973296950|200
1786973297008|200
1786973297066|200
1786973297127|200
1786973297186|200
1786973297244|200
1786973297307|200
1786973297370|200
1786973297433|200
1786973297495|200
1786973297554|200
1786973297669|200
1786973297730|200
1786973297790|200
1786973297848|200
1786973297910|200
1786973297970|200
1786973298031|200
1786973298095|200
1786973298157|200
1786973298217|200
1786973298280|200
1786973298339|200
1786973298402|200
1786973298462|200
1786973298523|200
1786973298585|200
1786973298648|200
1786973298711|200
1786973298774|200
1786973298834|200
1786973298896|200
1786973298960|200
1786973299021|200
1786973299083|200
1786973299142|200
1786973299202|200
1786973299262|200
1786973299324|200
1786973299385|200
1786973299447|200
1786973299509|200
1786973299567|200
1786973299629|200
1786973299690|200
1786973299747|200
1786973299803|200
1786973299863|200
1786973299924|200
1786973299987|200
1786973300050|200
1786973300111|200
1786973300169|200
1786973300229|200
1786973300292|200
1786973300351|200
1786973300409|200
1786973300467|200
1786973300526|200
1786973300586|200
1786973300649|200
1786973300708|200
1786973300769|200
1786973300832|200
1786973300893|200
1786973300954|200
1786973301018|200
1786973301076|200
1786973301134|200
1786973301195|200
1786973301276|200
1786973301344|200
1786973301401|200
1786973301462|200
1786973301521|200
1786973301582|200
1786973301643|200
1786973301703|200
1786973301764|200
1786973301822|200
1786973301883|200
1786973301940|200
1786973302001|200
1786973302060|200
1786973302116|200
1786973302176|200
1786973302236|200
1786973302300|200
1786973302361|200
1786973302423|200
1786973302502|200
1786973302565|200
1786973302625|200
1786973302689|200
1786973302750|200
1786973302813|200
1786973302876|200
1786973302939|200
1786973303004|200
1786973303069|200
1786973303130|200
1786973303196|200
1786973303262|200
1786973303321|200
1786973303384|200
1786973303447|200
1786973303509|200
1786973303570|200
1786973303632|200
1786973303691|200
1786973303753|200
1786973303809|200
1786973303871|200
1786973303933|200
1786973303990|200
1786973304050|200
1786973304108|200
1786973304165|200
1786973304225|200
1786973304286|200
1786973304348|200
1786973304409|200
1786973304468|200
1786973304530|200
1786973304590|200
1786973304651|200
1786973304712|200
1786973304773|200
1786973304835|200
1786973304893|200
1786973304953|200
1786973305018|200
1786973305083|200
1786973305146|200
1786973305204|200
1786973305269|200
1786973305327|200
1786973305385|200
1786973305440|200
1786973305513|200
1786973305570|200
1786973305627|200
1786973305688|200
1786973305748|200
1786973305809|200
1786973305869|200
1786973305928|200
1786973305982|200
1786973306038|200
1786973306095|200
1786973306152|200
1786973306211|200
1786973306272|200
1786973306332|200
1786973306394|200
1786973306454|200
1786973306515|200
1786973306577|200
1786973306637|200
1786973306699|200
1786973306760|200
1786973306819|200
1786973306872|200
1786973306927|200
1786973306982|200
1786973307038|200
1786973307098|200
1786973307154|200
1786973307211|200
1786973307269|200
1786973307329|200
1786973307390|200
1786973307451|200
1786973307511|200
1786973307567|200
1786973307625|200
1786973307686|200
1786973307745|200
1786973307807|200
1786973307865|200
1786973307927|200
1786973307985|200
1786973308045|200
1786973308105|200
1786973308168|200
1786973308229|200
1786973308289|200
1786973308350|200
1786973308411|200
1786973308474|200
1786973308535|200
1786973308599|200
1786973308658|200
1786973308719|200
1786973308778|200
1786973308838|200
1786973308899|200
1786973308959|200
1786973309018|200
1786973309079|200
1786973309141|200
1786973309199|200
1786973309259|200
1786973309319|200
1786973309379|200
1786973309438|200
1786973309500|200
1786973309558|200
1786973309620|200
1786973309680|200
1786973309741|200
1786973309802|200
1786973309862|200
1786973309922|200
1786973309980|200
1786973310041|200
1786973310098|200
1786973310157|200
1786973310218|200
1786973310279|200
1786973310340|200
1786973310399|200
1786973310461|200
1786973310523|200
1786973310584|200
1786973310646|200
1786973310706|200
1786973310765|200
1786973310826|200
1786973310884|200
1786973310944|200
1786973311005|200
1786973311066|200
1786973311124|200
1786973311183|200
1786973311242|200
1786973311302|200
1786973311363|200
1786973311420|200
1786973311480|200
1786973311540|200
1786973311601|200
1786973311662|200
1786973311724|200
1786973311782|200
1786973311842|200
1786973311903|200
1786973311960|200
1786973312019|200
1786973312079|200
1786973312141|200
1786973312200|200
1786973312262|200
1786973312321|200
1786973312383|200
1786973312445|200
1786973312506|200
1786973312565|200
1786973312623|200
1786973312685|200
1786973312744|200
1786973312803|200
1786973312863|200
1786973312922|200
1786973312982|200
1786973313041|200
1786973313099|200
1786973313157|200
1786973313218|200
1786973313279|200
1786973313339|200
1786973313400|200
1786973313457|200
1786973313518|200
1786973313574|200
1786973313636|200
1786973313693|200
1786973313755|200
1786973313817|200
1786973313878|200
1786973313940|200
1786973314001|200
1786973314065|200
1786973314125|200
1786973314184|200
1786973314241|200
1786973314304|200
1786973314367|200
1786973314428|200
1786973314485|200
1786973314547|200
1786973314608|200
1786973314671|200
1786973314733|200
1786973314791|200
1786973314850|200
1786973314908|200
1786973314967|200
1786973315027|200
1786973315088|200
1786973315146|200
1786973315207|200
1786973315267|200
1786973315326|200
1786973315385|200
1786973315444|200
1786973315504|200
1786973315567|200
1786973315627|200
1786973315690|200
1786973315753|200
1786973315814|200
1786973315871|200
1786973315932|200
1786973315994|200
1786973316050|200
1786973316113|200
1786973316181|200
1786973316242|200
1786973316305|200
1786973316367|200
1786973316443|200
1786973316504|200
1786973316563|200
1786973316622|200
1786973316682|200
1786973316741|200
1786973316805|200
1786973316867|200
1786973316925|200
1786973316983|200
1786973317039|200
1786973317096|200
1786973317154|200
1786973317211|200
1786973317269|200
1786973317328|200
1786973317386|200
1786973317446|200
1786973317506|200
1786973317563|200
1786973317623|200
1786973317696|200
1786973317755|200
1786973317815|200
1786973317875|200
1786973317930|200
1786973317991|200
1786973318053|200
1786973318115|200
1786973318176|200
1786973318232|200
1786973318295|200
1786973318353|200
1786973318411|200
1786973318469|200
1786973318529|200
1786973318587|200
1786973318646|200
1786973318702|200
1786973318763|200
1786973318823|200
1786973318883|200
1786973318945|200
1786973319003|200
1786973319065|200
1786973319122|200
1786973319185|200
1786973319245|200
1786973319304|200
1786973319364|200
1786973319424|200
1786973319484|200
1786973319542|200
1786973319603|200
1786973319660|200
1786973319719|200
1786973319776|200
1786973319835|200
1786973319893|200
1786973319951|200
1786973320013|200
1786973320077|200
1786973320135|200
1786973320195|200
1786973320322|200
1786973320407|200
1786973320478|200
1786973320538|200
1786973320599|200
1786973320662|200
1786973320719|200
1786973320777|200
1786973320834|200
1786973320893|200
1786973320953|200
1786973321015|200
1786973321084|200
1786973321149|200
1786973321210|200
1786973321270|200
1786973321330|200
1786973321397|200
1786973321457|200
1786973321514|200
1786973321580|200
1786973321639|200
1786973321697|200
1786973321758|200
1786973321817|200
1786973321877|200
1786973321937|200
1786973321997|200
1786973322060|200
1786973322120|200
1786973322186|200
1786973322249|200
1786973322311|200
1786973322371|200
1786973322433|200
1786973322498|200
1786973322562|200
1786973322624|200
1786973322685|200
1786973322745|200
1786973322804|200
1786973322865|200
1786973322924|200
1786973322986|200
1786973323044|200
1786973323103|200
1786973323164|200
1786973323224|200
1786973323286|200
1786973323345|200
1786973323404|200
1786973323460|200
1786973323519|200
1786973323578|200
1786973323640|200
1786973323702|200
1786973323761|200
1786973323831|200
1786973323898|200
1786973323961|200
1786973324022|200
1786973324085|200
1786973324150|200
1786973324212|200
1786973324271|200
1786973324333|200
1786973324392|200
1786973324453|200
1786973324512|200
1786973324574|200
1786973324637|200
1786973324699|200
1786973324757|200
1786973324821|200
1786973324882|200
1786973324946|200
1786973325000|200
1786973325059|200
1786973325117|200
1786973325174|200
1786973325233|200
1786973325292|200
1786973325352|200
1786973325416|200
1786973325477|200
1786973325538|200
1786973325599|200
1786973325659|200
1786973325719|200
1786973325779|200
1786973325838|200
1786973325899|200
1786973325958|200
1786973326020|200
1786973326076|200
1786973326133|200
1786973326190|200
1786973326252|200
1786973326312|200
1786973326370|200
1786973326428|200
1786973326486|200
1786973326552|200
1786973326611|200
1786973326672|200
1786973326730|200
1786973326790|200
1786973326847|200
1786973326908|200
1786973326967|200
1786973327026|200
1786973327091|200
1786973327152|200
1786973327206|200
1786973327267|200
1786973327326|200
1786973327389|200
1786973327453|200
1786973327513|200
1786973327576|200
1786973327639|200
1786973327700|200
1786973327760|200
1786973327823|200
1786973327882|200
1786973327945|200
1786973328006|200
1786973328069|200
1786973328131|200
1786973328191|200
1786973328253|200
1786973328313|200
1786973328372|200
1786973328431|200
1786973328490|200
1786973328551|200
1786973328612|200
1786973328673|200
1786973328732|200
1786973328793|200
1786973328858|200
1786973328920|200
1786973328982|200
1786973329043|200
1786973329106|200
1786973329163|200
1786973329224|200
1786973329283|200
1786973329341|200
1786973329400|200
1786973329459|200
1786973329520|200
1786973329580|200
1786973329639|200
1786973329698|200
1786973329761|200
1786973329823|200
1786973329885|200
1786973329948|200
1786973330015|200
1786973330074|200
1786973330135|200
1786973330195|200
1786973330252|200
1786973330311|200
1786973330373|200
1786973330431|200
1786973330493|200
1786973330552|200
1786973330613|200
1786973330674|200
1786973330735|200
1786973330797|200
1786973330859|200
1786973330920|200
1786973330981|200
1786973331043|200
1786973331106|200
1786973331164|200
1786973331225|200
1786973331282|200
1786973331345|200
1786973331401|200
1786973331461|200
1786973331522|200
1786973331583|200
1786973331643|200
1786973331701|200
1786973331765|200
1786973331827|200
1786973331895|200
1786973331955|200
1786973332013|200
1786973332076|200
1786973332137|200
1786973332196|200
1786973332256|200
1786973332319|200
1786973332379|200
1786973332440|200
1786973332503|200
1786973332561|200
1786973332622|200
1786973332683|200
1786973332744|200
1786973332805|200
1786973332867|200
1786973332927|200
1786973332986|200
1786973333047|200
1786973333108|200
1786973333169|200
1786973333228|200
1786973333286|200
1786973333344|200
1786973333402|200
1786973333460|200
1786973333517|200
1786973333576|200
1786973333636|200
1786973333697|200
1786973333760|200
1786973333822|200
1786973333882|200
1786973333942|200
1786973334005|200
1786973334069|200
1786973334129|200
1786973334191|200
1786973334248|200
1786973334305|200
1786973334364|200
1786973334422|200
1786973334482|200
1786973334539|200
1786973334598|200
1786973334658|200
1786973334719|200
1786973334779|200
1786973334842|200
1786973334903|200
1786973334963|200
1786973335022|200
1786973335086|200
1786973335148|200
1786973335207|200
1786973335268|200
1786973335328|200
1786973335389|200
1786973335449|200
1786973335509|200
1786973335573|200
1786973335636|200
1786973335696|200
1786973335755|200
1786973335818|200
1786973335881|200
1786973335940|200
1786973336001|200
1786973336063|200
1786973336123|200
1786973336183|200
1786973336240|200
1786973336300|200
1786973336359|200
1786973336418|200
1786973336478|200
1786973336538|200
1786973336598|200
1786973336656|200
1786973336717|200
1786973336774|200
1786973336830|200
1786973336885|200
1786973336942|200
1786973337002|200
1786973337064|200
1786973337123|200
1786973337182|200
1786973337239|200
1786973337296|200
1786973337358|200
1786973337419|200
1786973337482|200
1786973337544|200
1786973337604|200
1786973337664|200
1786973337724|200
1786973337784|200
1786973337845|200
1786973337908|200
1786973337969|200
1786973338026|200
1786973338083|200
1786973338140|200
1786973338202|200
1786973338263|200
1786973338323|200
1786973338383|200
1786973338443|200
1786973338501|200
1786973338557|200
1786973338615|200
1786973338673|200
1786973338735|200
1786973338793|200
1786973338851|200
1786973338906|200
1786973338965|200
1786973339021|200
1786973339082|200
1786973339139|200
1786973339201|200
1786973339258|200
1786973339318|200
1786973339381|200
1786973339444|200
1786973339504|200
1786973339567|200
1786973339628|200
1786973339690|200
1786973339750|200
1786973339812|200
1786973339870|200
1786973339932|200
1786973339989|200
1786973340048|200
1786973340108|200
1786973340170|200
1786973340228|200
1786973340287|200
1786973340350|200
1786973340411|200
1786973340473|200
1786973340535|200
1786973340598|200
1786973340661|200
1786973340723|200
1786973340784|200
1786973340846|200
1786973340905|200
1786973340967|200
1786973341025|200
1786973341087|200
1786973341153|200
1786973341211|200
1786973341272|200
1786973341334|200
1786973341393|200
1786973341455|200
1786973341516|200
1786973341574|200
1786973341640|200
1786973341698|200
1786973341760|200
1786973341820|200
1786973341878|200
1786973341937|200
1786973341997|200
1786973342060|200
1786973342118|200
1786973342177|200
1786973342237|200
1786973342299|200
1786973342358|200
1786973342417|200
1786973342475|200
1786973342536|200
1786973342595|200
1786973342657|200
1786973342715|200
1786973342772|200
1786973342834|200
1786973342895|200
1786973342953|200
1786973343010|200
1786973343073|200
1786973343131|200
1786973343193|200
1786973343253|200
1786973343316|200
1786973343378|200
1786973343439|200
1786973343502|200
1786973343564|200
1786973343626|200
1786973343725|200
1786973343785|200
1786973343845|200
1786973343900|200
1786973343959|200
1786973344017|200
1786973344079|200
1786973344139|200
1786973344205|200
1786973344264|200
1786973344324|200
1786973344384|200
1786973344445|200
1786973344505|200
1786973344565|200
1786973344621|200
1786973344682|200
1786973344741|200
1786973344801|200
1786973344862|200
1786973344920|200
1786973344981|200
1786973345046|200
1786973345102|200
1786973345163|200
1786973345222|200
1786973345292|200
1786973345358|200
1786973345417|200
1786973345476|200
1786973345533|200
1786973345595|200
1786973345653|200
1786973345713|200
1786973345774|200
1786973345835|200
1786973345894|200
1786973345949|200
1786973346007|200
1786973346067|200
1786973346125|200
1786973346182|200
1786973346243|200
1786973346305|200
1786973346364|200
1786973346427|200
1786973346486|200
1786973346548|200
1786973346608|200
1786973346667|200
1786973346726|200
1786973346787|200
1786973346849|200
1786973346911|200
1786973346970|200
1786973347032|200
1786973347093|200
1786973347156|200
1786973347218|200
1786973347280|200
1786973347335|200
1786973347393|200
1786973347447|200
1786973347508|200
1786973347570|200
1786973347634|200
1786973347694|200
1786973347755|200
1786973347814|200
1786973347872|200
1786973347933|200
1786973347990|200
1786973348051|200
1786973348114|200
1786973348176|200
1786973348236|200
1786973348296|200
1786973348358|200
1786973348418|200
1786973348479|200
1786973348537|200
1786973348594|200
1786973348654|200
1786973348711|200
1786973348771|200
1786973348834|200
1786973348895|200
1786973348955|200
1786973349015|200
1786973349074|200
1786973349131|200
1786973349189|200
1786973349248|200
1786973349308|200
1786973349371|200
1786973349428|200
1786973349488|200
1786973349549|200
1786973349614|200
1786973349672|200
1786973349728|200
1786973349784|200
1786973349843|200
1786973349904|200
1786973349963|200
1786973350021|200
1786973350081|200
1786973350140|200
1786973350201|200
1786973350257|200
1786973350315|200
1786973350376|200
1786973350439|200
1786973350496|200
1786973350554|200
1786973350616|200
1786973350678|200
1786973350741|200
1786973350802|200
1786973350863|200
1786973350922|200
1786973350979|200
1786973351037|200
1786973351096|200
1786973351157|200
1786973351218|200
1786973351281|200
1786973351337|200
1786973351393|200
1786973351454|200
1786973351512|200
1786973351574|200
1786973351630|200
1786973351691|200
1786973351753|200
1786973351815|200
1786973351878|200
1786973351937|200
1786973351995|200
1786973352056|200
1786973352115|200
1786973352178|200
1786973352239|200
1786973352295|200
1786973352355|200
1786973352413|200
1786973352471|200
1786973352533|200
1786973352595|200
1786973352651|200
1786973352710|200
1786973352773|200
1786973352835|200
1786973352914|200
1786973352976|200
1786973353036|200
1786973353095|200
1786973353152|200
1786973353210|200
1786973353270|200
1786973353327|200
1786973353386|200
1786973353449|200
1786973353510|200
1786973353567|200
1786973353628|200
1786973353688|200
1786973353746|200
1786973353806|200
1786973353863|200
1786973353923|200
1786973353983|200
1786973354039|200
1786973354098|200
1786973354160|200
1786973354217|200
1786973354278|200
1786973354337|200
1786973354393|200
1786973354452|200
1786973354510|200
1786973354570|200
1786973354630|200
1786973354693|200
1786973354756|200
1786973354817|200
1786973354874|200
1786973354937|200
1786973354999|200
1786973355057|200
1786973355116|200
1786973355175|200
1786973355232|200
1786973355290|200
1786973355348|200
1786973355405|200
1786973355466|200
1786973355524|200
1786973355585|200
1786973355645|200
1786973355702|200
1786973355762|200
1786973355822|200
1786973355883|200
1786973355944|200
1786973356004|200
1786973356065|200
1786973356124|200
1786973356186|200
1786973356245|200
1786973356304|200
1786973356359|200
1786973356418|200
1786973356479|200
1786973356538|200
1786973356597|200
1786973356658|200
1786973356719|200
1786973356779|200
1786973356841|200
1786973356902|200
1786973356961|200
1786973357018|200
1786973357080|200
1786973357143|200
1786973357200|200
1786973357297|200
1786973357353|200
1786973357408|200
1786973357466|200
1786973357525|200
1786973357584|200
1786973357644|200
1786973357704|200
1786973357765|200
1786973357828|200
1786973357891|200
1786973357953|200
1786973358015|200
1786973358073|200
1786973358134|200
1786973358194|200
1786973358250|200
1786973358318|200
1786973358377|200
1786973358441|200
1786973358503|200
1786973358561|200
1786973358619|200
1786973358681|200
1786973358739|200
1786973358800|200
1786973358861|200
1786973358922|200
1786973358982|200
1786973359045|200
1786973359103|200
1786973359164|200
1786973359222|200
1786973359279|200
1786973359339|200
1786973359397|200
1786973359458|200
1786973359520|200
1786973359579|200
1786973359638|200
1786973359698|200
1786973359760|200
1786973359816|200
1786973359872|200
1786973359930|200
1786973359989|200
1786973360047|200
1786973360106|200
1786973360161|200
1786973360223|200
1786973360279|200
1786973360340|200
1786973360400|200
1786973360463|200
1786973360523|200
1786973360579|200
1786973360641|200
1786973360706|200
1786973360769|200
1786973360884|200
1786973360970|200
1786973361033|200
1786973361090|200
1786973361145|200
1786973361203|200
1786973361260|200
1786973361316|200
1786973361373|200
1786973361433|200
1786973361493|200
1786973361548|200
1786973361606|200
1786973361669|200
1786973361726|200
1786973361788|200
1786973361848|200
1786973361910|200
1786973361973|200
1786973362035|200
1786973362096|200
1786973362153|200
1786973362214|200
1786973362274|200
1786973362333|200
1786973362394|200
1786973362453|200
1786973362515|200
1786973362578|200
1786973362633|200
1786973362693|200
1786973362753|200
1786973362812|200
1786973362872|200
1786973362933|200
1786973362994|200
1786973363050|200
1786973363112|200
1786973363170|200
1786973363231|200
1786973363287|200
1786973363349|200
1786973363406|200
1786973363467|200
1786973363527|200
1786973363587|200
1786973363646|200
1786973363707|200
1786973363767|200
1786973363829|200
1786973363890|200
1786973363951|200
1786973364013|200
1786973364073|200
1786973364136|200
1786973364194|200
1786973364256|200
1786973364318|200
1786973364375|200
1786973364453|200
1786973364514|200
1786973364575|200
1786973364634|200
1786973364692|200
1786973364750|200
1786973364811|200
1786973364872|200
1786973364933|200
1786973364994|200
1786973365057|200
1786973365117|200
1786973365175|200
1786973365236|200
1786973365296|200
1786973365354|200
1786973365412|200
1786973365469|200
1786973365527|200
1786973365588|200
1786973365645|200
1786973365707|200
1786973365765|200
1786973365821|200
1786973365880|200
1786973365936|200
1786973365995|200
1786973366057|200
1786973366117|200
1786973366174|200
1786973366233|200
1786973366294|200
1786973366356|200
1786973366419|200
1786973366478|200
1786973366540|200
1786973366615|200
1786973366674|200
1786973366728|200
1786973366789|200
1786973366847|200
1786973366908|200
1786973366967|200
1786973367027|200
1786973367084|200
1786973367144|200
1786973367201|200
1786973367261|200
1786973367321|200
1786973367381|200
1786973367439|200
1786973367500|200
1786973367559|200
1786973367628|200
1786973367688|200
1786973367748|200
1786973367812|200
1786973367874|200
1786973367934|200
1786973367994|200
1786973368057|200
1786973368116|200
1786973368177|200
1786973368235|200
1786973368296|200
