> Task :compileJava UP-TO-DATE
> Task :processResources UP-TO-DATE
> Task :classes UP-TO-DATE
> Task :compileTestJava UP-TO-DATE
> Task :processTestResources UP-TO-DATE
> Task :testClasses UP-TO-DATE

> Task :deployStormTest

DeployStormClientDemoTest > 배포_절단과_재접속_폭풍을_기록한다() STANDARD_OUT
    EVT|1786973269453|harness|START|mode=naive clients=30

DeployStormClientDemoTest > 배포_절단과_재접속_폭풍을_기록한다() STANDARD_ERROR
    SLF4J(W): A number (1) of logging calls during the initialization phase have been intercepted and are
    SLF4J(W): now being replayed. These are subject to the filtering rules of the underlying logging system.
    SLF4J(W): See also https://www.slf4j.org/codes.html#replay

DeployStormClientDemoTest > 배포_절단과_재접속_폭풍을_기록한다() STANDARD_OUT
    EVT|1786973269676|observer|OBSERVING|12f5e092-5fc0-ad67-ac4e-789a0eec2f27
    EVT|1786973269708|26|CONNECT_OK|initial
    EVT|1786973269708|4|CONNECT_OK|initial
    EVT|1786973269708|24|CONNECT_OK|initial
    EVT|1786973269708|11|CONNECT_OK|initial
    EVT|1786973269709|30|CONNECT_OK|initial
    EVT|1786973269709|6|CONNECT_OK|initial
    EVT|1786973269709|17|CONNECT_OK|initial
    EVT|1786973269708|8|CONNECT_OK|initial
    EVT|1786973269709|7|CONNECT_OK|initial
    EVT|1786973269709|19|CONNECT_OK|initial
    EVT|1786973269709|2|CONNECT_OK|initial
    EVT|1786973269709|25|CONNECT_OK|initial
    EVT|1786973269709|1|CONNECT_OK|initial
    EVT|1786973269708|14|CONNECT_OK|initial
    EVT|1786973269709|9|CONNECT_OK|initial
    EVT|1786973269708|18|CONNECT_OK|initial
    EVT|1786973269708|23|CONNECT_OK|initial
    EVT|1786973269708|10|CONNECT_OK|initial
    EVT|1786973269710|15|CONNECT_OK|initial
    EVT|1786973269710|3|CONNECT_OK|initial
    EVT|1786973269710|21|CONNECT_OK|initial
    EVT|1786973269709|20|CONNECT_OK|initial
    EVT|1786973269709|27|CONNECT_OK|initial
    EVT|1786973269711|28|CONNECT_OK|initial
    EVT|1786973269709|16|CONNECT_OK|initial
    EVT|1786973269709|13|CONNECT_OK|initial
    EVT|1786973269709|12|CONNECT_OK|initial
    EVT|1786973269709|29|CONNECT_OK|initial
    EVT|1786973269712|5|CONNECT_OK|initial
    EVT|1786973269710|22|CONNECT_OK|initial
    EVT|1786973269769|harness|READY|connected=30
    EVT|1786973276448|20|DISCONNECTED|
    EVT|1786973276448|23|DISCONNECTED|
    EVT|1786973276449|2|DISCONNECTED|
    EVT|1786973276449|13|DISCONNECTED|
    EVT|1786973276449|4|DISCONNECTED|
    EVT|1786973276449|19|DISCONNECTED|
    EVT|1786973276449|25|DISCONNECTED|
    EVT|1786973276449|14|DISCONNECTED|
    EVT|1786973276449|12|DISCONNECTED|
    EVT|1786973276449|8|DISCONNECTED|
    EVT|1786973276449|28|DISCONNECTED|
    EVT|1786973276449|1|DISCONNECTED|
    EVT|1786973276449|26|DISCONNECTED|
    EVT|1786973276449|10|DISCONNECTED|
    EVT|1786973276449|6|DISCONNECTED|
    EVT|1786973276449|17|DISCONNECTED|
    EVT|1786973276450|7|DISCONNECTED|
    EVT|1786973276449|3|DISCONNECTED|
    EVT|1786973276450|9|DISCONNECTED|
    EVT|1786973276449|27|DISCONNECTED|
    EVT|1786973276450|11|DISCONNECTED|
    EVT|1786973276449|24|DISCONNECTED|
    EVT|1786973276451|29|DISCONNECTED|
    EVT|1786973276453|30|DISCONNECTED|
    EVT|1786973276451|21|DISCONNECTED|
    EVT|1786973276451|16|DISCONNECTED|
    EVT|1786973276450|18|DISCONNECTED|
    EVT|1786973276450|5|DISCONNECTED|
    EVT|1786973276450|22|DISCONNECTED|
    EVT|1786973276451|15|DISCONNECTED|
    EVT|1786973276455|observer|CLOSE_CODE|1006 reason=null
    EVT|1786973277462|27|ATTEMPT_FAIL|ExecutionException
    EVT|1786973277462|29|ATTEMPT_FAIL|ExecutionException
    EVT|1786973277465|24|ATTEMPT_FAIL|ExecutionException
    EVT|1786973277465|12|ATTEMPT_FAIL|ExecutionException
    EVT|1786973277466|10|ATTEMPT_FAIL|ExecutionException
    EVT|1786973277466|25|ATTEMPT_FAIL|ExecutionException
    EVT|1786973277466|18|ATTEMPT_FAIL|ExecutionException
    EVT|1786973277466|30|ATTEMPT_FAIL|ExecutionException
    EVT|1786973277466|8|ATTEMPT_FAIL|ExecutionException
    EVT|1786973277466|17|ATTEMPT_FAIL|ExecutionException
    EVT|1786973277466|22|ATTEMPT_FAIL|ExecutionException
    EVT|1786973277466|5|ATTEMPT_FAIL|ExecutionException
    EVT|1786973277466|15|ATTEMPT_FAIL|ExecutionException
    EVT|1786973277466|3|ATTEMPT_FAIL|ExecutionException
    EVT|1786973277468|14|ATTEMPT_FAIL|ExecutionException
    EVT|1786973277469|26|ATTEMPT_FAIL|ExecutionException
    EVT|1786973277470|1|ATTEMPT_FAIL|ExecutionException
    EVT|1786973277471|9|ATTEMPT_FAIL|ExecutionException
    EVT|1786973277471|23|ATTEMPT_FAIL|ExecutionException
    EVT|1786973277472|13|ATTEMPT_FAIL|ExecutionException
    EVT|1786973277474|7|ATTEMPT_FAIL|ExecutionException
    EVT|1786973277475|19|ATTEMPT_FAIL|ExecutionException
    EVT|1786973277476|20|ATTEMPT_FAIL|ExecutionException
    EVT|1786973277484|11|ATTEMPT_FAIL|ExecutionException
    EVT|1786973277484|21|ATTEMPT_FAIL|ExecutionException
    EVT|1786973277485|6|ATTEMPT_FAIL|ExecutionException
    EVT|1786973277485|28|ATTEMPT_FAIL|ExecutionException
    EVT|1786973277485|4|ATTEMPT_FAIL|ExecutionException
    EVT|1786973277487|16|ATTEMPT_FAIL|ExecutionException
    EVT|1786973277488|2|ATTEMPT_FAIL|ExecutionException
    EVT|1786973278473|5|ATTEMPT_FAIL|ExecutionException
    EVT|1786973278474|30|ATTEMPT_FAIL|ExecutionException
    EVT|1786973278474|10|ATTEMPT_FAIL|ExecutionException
    EVT|1786973278475|15|ATTEMPT_FAIL|ExecutionException
    EVT|1786973278475|22|ATTEMPT_FAIL|ExecutionException
    EVT|1786973278475|3|ATTEMPT_FAIL|ExecutionException
    EVT|1786973278475|25|ATTEMPT_FAIL|ExecutionException
    EVT|1786973278475|1|ATTEMPT_FAIL|ExecutionException
    EVT|1786973278476|9|ATTEMPT_FAIL|ExecutionException
    EVT|1786973278476|29|ATTEMPT_FAIL|ExecutionException
    EVT|1786973278476|14|ATTEMPT_FAIL|ExecutionException
    EVT|1786973278476|27|ATTEMPT_FAIL|ExecutionException
    EVT|1786973278477|17|ATTEMPT_FAIL|ExecutionException
    EVT|1786973278477|26|ATTEMPT_FAIL|ExecutionException
    EVT|1786973278477|8|ATTEMPT_FAIL|ExecutionException
    EVT|1786973278477|24|ATTEMPT_FAIL|ExecutionException
    EVT|1786973278477|12|ATTEMPT_FAIL|ExecutionException
    EVT|1786973278477|18|ATTEMPT_FAIL|ExecutionException
    EVT|1786973278477|7|ATTEMPT_FAIL|ExecutionException
    EVT|1786973278477|23|ATTEMPT_FAIL|ExecutionException
    EVT|1786973278477|13|ATTEMPT_FAIL|ExecutionException
    EVT|1786973278478|19|ATTEMPT_FAIL|ExecutionException
    EVT|1786973278483|20|ATTEMPT_FAIL|ExecutionException
    EVT|1786973278488|6|ATTEMPT_FAIL|ExecutionException
    EVT|1786973278488|28|ATTEMPT_FAIL|ExecutionException
    EVT|1786973278489|4|ATTEMPT_FAIL|ExecutionException
    EVT|1786973278489|11|ATTEMPT_FAIL|ExecutionException
    EVT|1786973278489|21|ATTEMPT_FAIL|ExecutionException
    EVT|1786973278490|2|ATTEMPT_FAIL|ExecutionException
    EVT|1786973278490|16|ATTEMPT_FAIL|ExecutionException
    EVT|1786973279477|10|ATTEMPT_FAIL|ExecutionException
    EVT|1786973279477|3|ATTEMPT_FAIL|ExecutionException
    EVT|1786973279477|5|ATTEMPT_FAIL|ExecutionException
    EVT|1786973279478|30|ATTEMPT_FAIL|ExecutionException
    EVT|1786973279478|15|ATTEMPT_FAIL|ExecutionException
    EVT|1786973279478|25|ATTEMPT_FAIL|ExecutionException
    EVT|1786973279478|22|ATTEMPT_FAIL|ExecutionException
    EVT|1786973279478|1|ATTEMPT_FAIL|ExecutionException
    EVT|1786973279485|29|ATTEMPT_FAIL|ExecutionException
    EVT|1786973279485|18|ATTEMPT_FAIL|ExecutionException
    EVT|1786973279485|20|ATTEMPT_FAIL|ExecutionException
    EVT|1786973279486|14|ATTEMPT_FAIL|ExecutionException
    EVT|1786973279486|26|ATTEMPT_FAIL|ExecutionException
    EVT|1786973279486|19|ATTEMPT_FAIL|ExecutionException
    EVT|1786973279486|13|ATTEMPT_FAIL|ExecutionException
    EVT|1786973279486|9|ATTEMPT_FAIL|ExecutionException
    EVT|1786973279486|8|ATTEMPT_FAIL|ExecutionException
    EVT|1786973279486|17|ATTEMPT_FAIL|ExecutionException
    EVT|1786973279486|23|ATTEMPT_FAIL|ExecutionException
    EVT|1786973279486|7|ATTEMPT_FAIL|ExecutionException
    EVT|1786973279487|24|ATTEMPT_FAIL|ExecutionException
    EVT|1786973279487|12|ATTEMPT_FAIL|ExecutionException
    EVT|1786973279487|27|ATTEMPT_FAIL|ExecutionException
    EVT|1786973279491|4|ATTEMPT_FAIL|ExecutionException
    EVT|1786973279491|11|ATTEMPT_FAIL|ExecutionException
    EVT|1786973279492|21|ATTEMPT_FAIL|ExecutionException
    EVT|1786973279492|28|ATTEMPT_FAIL|ExecutionException
    EVT|1786973279495|6|ATTEMPT_FAIL|ExecutionException
    EVT|1786973279496|2|ATTEMPT_FAIL|ExecutionException
    EVT|1786973279496|16|ATTEMPT_FAIL|ExecutionException
    EVT|1786973280513|28|ATTEMPT_FAIL|ExecutionException
    EVT|1786973280514|11|ATTEMPT_FAIL|ExecutionException
    EVT|1786973280513|29|ATTEMPT_FAIL|ExecutionException
    EVT|1786973280513|4|ATTEMPT_FAIL|ExecutionException
    EVT|1786973280513|18|ATTEMPT_FAIL|ExecutionException
    EVT|1786973280513|17|ATTEMPT_FAIL|ExecutionException
    EVT|1786973280513|27|ATTEMPT_FAIL|ExecutionException
    EVT|1786973280513|5|ATTEMPT_FAIL|ExecutionException
    EVT|1786973280513|13|ATTEMPT_FAIL|ExecutionException
    EVT|1786973280516|1|ATTEMPT_FAIL|ExecutionException
    EVT|1786973280517|25|ATTEMPT_FAIL|ExecutionException
    EVT|1786973280517|23|ATTEMPT_FAIL|ExecutionException
    EVT|1786973280517|30|ATTEMPT_FAIL|ExecutionException
    EVT|1786973280517|14|ATTEMPT_FAIL|ExecutionException
    EVT|1786973280518|15|ATTEMPT_FAIL|ExecutionException
    EVT|1786973280518|3|ATTEMPT_FAIL|ExecutionException
    EVT|1786973280518|24|ATTEMPT_FAIL|ExecutionException
    EVT|1786973280518|20|ATTEMPT_FAIL|ExecutionException
    EVT|1786973280518|16|ATTEMPT_FAIL|ExecutionException
    EVT|1786973280518|2|ATTEMPT_FAIL|ExecutionException
    EVT|1786973280518|6|ATTEMPT_FAIL|ExecutionException
    EVT|1786973280518|22|ATTEMPT_FAIL|ExecutionException
    EVT|1786973280518|9|ATTEMPT_FAIL|ExecutionException
    EVT|1786973280518|19|ATTEMPT_FAIL|ExecutionException
    EVT|1786973280518|8|ATTEMPT_FAIL|ExecutionException
    EVT|1786973280518|10|ATTEMPT_FAIL|ExecutionException
    EVT|1786973280518|26|ATTEMPT_FAIL|ExecutionException
    EVT|1786973280518|12|ATTEMPT_FAIL|ExecutionException
    EVT|1786973280518|21|ATTEMPT_FAIL|ExecutionException
    EVT|1786973280518|7|ATTEMPT_FAIL|ExecutionException
    EVT|1786973281558|observer|OBSERVING|d7ed7a13-c719-f580-6ae8-85fada790dc6
    EVT|1786973281637|1|RECONNECT_OK|
    EVT|1786973281638|12|RECONNECT_OK|
    EVT|1786973281638|26|RECONNECT_OK|
    EVT|1786973281637|21|RECONNECT_OK|
    EVT|1786973281642|16|RECONNECT_OK|
    EVT|1786973281642|4|RECONNECT_OK|
    EVT|1786973281642|8|RECONNECT_OK|
    EVT|1786973281643|25|RECONNECT_OK|
    EVT|1786973281643|15|RECONNECT_OK|
    EVT|1786973281643|7|RECONNECT_OK|
    EVT|1786973281644|9|RECONNECT_OK|
    EVT|1786973281645|28|RECONNECT_OK|
    EVT|1786973281645|13|RECONNECT_OK|
    EVT|1786973281645|17|RECONNECT_OK|
    EVT|1786973281646|20|RECONNECT_OK|
    EVT|1786973281647|29|RECONNECT_OK|
    EVT|1786973281647|14|RECONNECT_OK|
    EVT|1786973281648|10|RECONNECT_OK|
    EVT|1786973281651|6|RECONNECT_OK|
    EVT|1786973281651|30|RECONNECT_OK|
    EVT|1786973281651|5|RECONNECT_OK|
    EVT|1786973281652|24|RECONNECT_OK|
    EVT|1786973281653|27|RECONNECT_OK|
    EVT|1786973281653|11|RECONNECT_OK|
    EVT|1786973281654|19|RECONNECT_OK|
    EVT|1786973281660|18|RECONNECT_OK|
    EVT|1786973281660|22|RECONNECT_OK|
    EVT|1786973281662|3|RECONNECT_OK|
    EVT|1786973281783|30|REFETCH_OK|131ms
    EVT|1786973281783|14|REFETCH_OK|135ms
    EVT|1786973281783|19|REFETCH_OK|128ms
    EVT|1786973281783|18|REFETCH_OK|123ms
    EVT|1786973281783|29|REFETCH_OK|135ms
    EVT|1786973281783|8|REFETCH_OK|140ms
    EVT|1786973281783|16|REFETCH_OK|140ms
    EVT|1786973281783|22|REFETCH_OK|123ms
    EVT|1786973281783|3|REFETCH_OK|120ms
    EVT|1786973281783|7|REFETCH_OK|139ms
    EVT|1786973281783|13|REFETCH_OK|137ms
    EVT|1786973281783|15|REFETCH_OK|140ms
    EVT|1786973281783|28|REFETCH_OK|138ms
    EVT|1786973281784|17|REFETCH_OK|138ms
    EVT|1786973281784|25|REFETCH_OK|140ms
    EVT|1786973281784|24|REFETCH_OK|132ms
    EVT|1786973281783|9|REFETCH_OK|139ms
    EVT|1786973281786|5|REFETCH_OK|135ms
    EVT|1786973281786|4|REFETCH_OK|143ms
    EVT|1786973281787|20|REFETCH_OK|140ms
    EVT|1786973281795|10|REFETCH_OK|146ms
    EVT|1786973281795|1|REFETCH_OK|157ms
    EVT|1786973281795|21|REFETCH_OK|157ms
    EVT|1786973281795|6|REFETCH_OK|144ms
    EVT|1786973281795|27|REFETCH_OK|142ms
    EVT|1786973281795|12|REFETCH_OK|157ms
    EVT|1786973281795|11|REFETCH_OK|142ms
    EVT|1786973281797|26|REFETCH_OK|159ms
    EVT|1786973286535|2|ATTEMPT_FAIL|TimeoutException
    EVT|1786973286537|23|ATTEMPT_FAIL|TimeoutException
    EVT|1786973287570|23|RECONNECT_OK|
    EVT|1786973287570|2|RECONNECT_OK|
    EVT|1786973287601|2|REFETCH_OK|30ms
    EVT|1786973287601|23|REFETCH_OK|30ms
    EVT|1786973344458|harness|DONE|

BUILD SUCCESSFUL in 1m 16s
5 actionable tasks: 1 executed, 4 up-to-date
